
> natan-home-service-pro@0.0.0 build
> ng build

[33mÔØ»[39m Building...
node.exe : [1m[33mOne or more browsers which are configured in the project's Browserslist configuration will be ignored as ES5 
output is not supported by the Angular CLI.
At C:\nvm4w\nodejs\npm.ps1:29 char:3
+   & $NODE_EXE $NPM_CLI_JS $args
+   ~~~~~~~~~~~~~~~~~~~~~~~~~~~~~
    + CategoryInfo          : NotSpecified: ([1m[33mOne or...he Angular CLI.:String) [], RemoteException
    + FullyQualifiedErrorId : NativeCommandError
 
Ignored browsers:
kaios 2.5, op_mini all[39m[22m
[1m[33mOne or more browsers which are configured in the project's Browserslist configuration fall outside Angular's browser 
support for this version.
Unsupported browsers:
and_qq 14.9, and_uc 15.5, android 142, kaios 3.0-3.1, op_mob 80, opera 122, opera 121, samsung 29, samsung 28[39m[22m
[32mÔ£ö[39m Building...
[1mInitial chunk files[22m[2m | [22m[1mNames[22m                            [2m | [22m [1mRaw size[22m[2m | [22m[1mEstimated transfer size[22m
[32mmain-3QDPM4LR.js[39m   [2m | [22m[2mmain[22m                             [2m | [22m  [36m1.10 MB[39m[2m | [22m              [36m242.82 kB[39m
[32mchunk-7TR6ATSF.js[39m  [2m | [22m[2m-[22m                                [2m | [22m[36m434.27 kB[39m[2m | [22m              [36m107.69 kB[39m
[32mchunk-Q76BHRLJ.js[39m  [2m | [22m[2m-[22m                                [2m | [22m[36m141.09 kB[39m[2m | [22m               [36m27.61 kB[39m
[32mstyles-RSVLRQ5H.css[39m[2m | [22m[2mstyles[22m                           [2m | [22m[36m127.69 kB[39m[2m | [22m               [36m14.21 kB[39m
[32mchunk-HHC7N2WO.js[39m  [2m | [22m[2m-[22m                                [2m | [22m [36m85.25 kB[39m[2m | [22m               [36m21.62 kB[39m
[32mchunk-VAZF37PX.js[39m  [2m | [22m[2m-[22m                                [2m | [22m [36m56.12 kB[39m[2m | [22m               [36m13.45 kB[39m
[32mchunk-5MI7YVAX.js[39m  [2m | [22m[2m-[22m                                [2m | [22m [36m40.37 kB[39m[2m | [22m                [36m8.36 kB[39m
[32mchunk-TPBTYEWA.js[39m  [2m | [22m[2m-[22m                                [2m | [22m [36m37.74 kB[39m[2m | [22m                [36m8.05 kB[39m
[32mchunk-II2WPE4G.js[39m  [2m | [22m[2m-[22m                                [2m | [22m [36m30.61 kB[39m[2m | [22m                [36m8.75 kB[39m
[32mchunk-3WYQFM74.js[39m  [2m | [22m[2m-[22m                                [2m | [22m [36m10.55 kB[39m[2m | [22m                [36m2.76 kB[39m
[32mchunk-IWG2SVYA.js[39m  [2m | [22m[2m-[22m                                [2m | [22m  [36m7.55 kB[39m[2m | [22m                [36m2.30 kB[39m
[32mchunk-7CGTOI24.js[39m  [2m | [22m[2m-[22m                                [2m | [22m[36m618 bytes[39m[2m | [22m              [36m618 bytes[39m

[1m [22m                  [2m | [22m[1mInitial total[22m                    [2m | [22m  [1m2.07 MB[22m[2m | [22m              [1m458.24 kB[22m

[1mLazy chunk files[22m   [2m | [22m[1mNames[22m                            [2m | [22m [1mRaw size[22m[2m | [22m[1mEstimated transfer size[22m
[32mchunk-3QDSZYWO.js[39m  [2m | [22m[2mservice-requests-component[22m       [2m | [22m [36m49.08 kB[39m[2m | [22m                [36m9.35 kB[39m
[32mchunk-A23EF5V3.js[39m  [2m | [22m[2madmin-overview-component[22m         [2m | [22m [36m44.96 kB[39m[2m | [22m               [36m10.93 kB[39m
[32mchunk-MTP5Q563.js[39m  [2m | [22m[2musers-management-component[22m       [2m | [22m [36m44.67 kB[39m[2m | [22m                [36m8.40 kB[39m
[32mchunk-IE6RN4VJ.js[39m  [2m | [22m[2mcategory-management-component[22m    [2m | [22m [36m42.34 kB[39m[2m | [22m                [36m6.71 kB[39m
[32mchunk-JY4J5KUS.js[39m  [2m | [22m[2mservice-request-edit-component[22m   [2m | [22m [36m28.09 kB[39m[2m | [22m                [36m5.12 kB[39m
[32mchunk-6DQNGWTB.js[39m  [2m | [22m[2mfinancial-reports-component[22m      [2m | [22m  [36m8.01 kB[39m[2m | [22m                [36m2.25 kB[39m
[32mchunk-BVCG2EK7.js[39m  [2m | [22m[2mpending-approvals-component[22m      [2m | [22m  [36m6.47 kB[39m[2m | [22m                [36m1.91 kB[39m
[32mmain-2GYEIKQP.css[39m  [2m | [22m[2m-[22m                                [2m | [22m  [36m1.41 kB[39m[2m | [22m              [36m422 bytes[39m
[32mchunk-7SIK2N7C.js[39m  [2m | [22m[2mstatus-service[22m                   [2m | [22m[36m862 bytes[39m[2m | [22m              [36m862 bytes[39m
[32mchunk-VW2UDKLI.js[39m  [2m | [22m[2mservice-request-details-component[22m[2m | [22m[36m281 bytes[39m[2m | [22m              [36m281 bytes[39m
[32mchunk-4GKBIKLW.js[39m  [2m | [22m[2mreset-password-component[22m         [2m | [22m[36m184 bytes[39m[2m | [22m              [36m184 bytes[39m
[32mchunk-NPE5XBW4.js[39m  [2m | [22m[2mworkflow-simplified-service[22m      [2m | [22m[36m136 bytes[39m[2m | [22m              [36m136 bytes[39m

Application bundle generation complete. [19.645 seconds] - 2025-12-19T09:52:43.615Z

[1m[33m[33mÔû▓ [43;33m[[43;30mWARNING[43;33m][0m [1mNG8113: I18nPipe is not used within the template of 
CategoryBarChartComponent[0m [1m[35m[plugin angular-compiler][0m

    src/components/category-bar-chart.component.ts:21:39:
[37m      21 Ôöé   imports: [CommonModule, FormsModule, [32mI18nPipe[37m],
         ÔòÁ                                        [32m~~~~~~~~[0m

[39m[22m
Output location: C:\Users\nb28166\Documents\Ambiente\pessoal\Workspace\HomeService\dist

